1 3
19.941394805908203 32.764198303222656 45.12541961669922